2023-11-28 08:05:15,367:DEBUG:Add: 20 + 10 = 30
2023-11-28 08:05:15,368:DEBUG:Sub: 20 - 10 = 10
2023-11-28 08:05:15,368:DEBUG:Mul: 20 * 10 = 200
2023-11-28 08:05:15,368:DEBUG:Div: 20 / 10 = 2.0
2023-11-28 08:05:37,373:DEBUG:Add: 20 + 10 = 30
2023-11-28 08:05:37,373:DEBUG:Sub: 20 - 10 = 10
2023-11-28 08:05:37,373:DEBUG:Mul: 20 * 10 = 200
2023-11-28 08:05:37,373:DEBUG:Div: 20 / 10 = 2.0
2023-11-28 08:06:08,743:DEBUG:Add: 20 + 10 = 30
2023-11-28 08:06:08,744:DEBUG:Sub: 20 - 10 = 10
2023-11-28 08:06:08,744:DEBUG:Mul: 20 * 10 = 200
2023-11-28 08:06:08,744:DEBUG:Div: 20 / 10 = 2.0
